// Jest Snapshot v1, https://goo.gl/fbAQLP

exports[`Header Component should render correctly 1`] = `
ShallowWrapper {
  Symbol(enzyme.__root__): [Circular],
  Symbol(enzyme.__unrendered__): <Header />,
  Symbol(enzyme.__renderer__): Object {
    "batchedUpdates": [Function],
    "getNode": [Function],
    "render": [Function],
    "simulateError": [Function],
    "simulateEvent": [Function],
    "unmount": [Function],
  },
  Symbol(enzyme.__node__): Object {
    "instance": null,
    "key": undefined,
    "nodeType": "function",
    "props": Object {
      "children": Array [
        <ForwardRef
          alt="logo"
          src="logo.svg"
        />,
        <h2>
          React Content Manager
        </h2>,
      ],
    },
    "ref": null,
    "rendered": Array [
      Object {
        "instance": null,
        "key": undefined,
        "nodeType": "function",
        "props": Object {
          "alt": "logo",
          "src": "logo.svg",
        },
        "ref": null,
        "rendered": null,
        "type": Object {
          "$$typeof": Symbol(react.forward_ref),
          "attrs": undefined,
          "componentStyle": ComponentStyle {
            "componentId": "sc-bwzfXH",
            "isStatic": true,
            "rules": Array [
              "
  width: 100px;
  height: 100px;
  animation: ",
              Keyframes {
                "id": "sc-keyframes-iECmZH",
                "inject": [Function],
                "name": "iECmZH",
                "rules": Array [
                  "@-webkit-keyframes iECmZH{0%{-webkit-transform:rotate(0deg);-ms-transform:rotate(0deg);transform:rotate(0deg);}100%{-webkit-transform:rotate(360deg);-ms-transform:rotate(360deg);transform:rotate(360deg);}}",
                  "@keyframes iECmZH{0%{-webkit-transform:rotate(0deg);-ms-transform:rotate(0deg);transform:rotate(0deg);}100%{-webkit-transform:rotate(360deg);-ms-transform:rotate(360deg);transform:rotate(360deg);}}",
                ],
                "toString": [Function],
              },
              " infinite 20s linear;
",
            ],
          },
          "displayName": "styled.img",
          "render": [Function],
          "styledComponentId": "sc-bwzfXH",
          "target": "img",
          "warnTooManyClasses": [Function],
          "withComponent": [Function],
        },
      },
      Object {
        "instance": null,
        "key": undefined,
        "nodeType": "host",
        "props": Object {
          "children": "React Content Manager",
        },
        "ref": null,
        "rendered": "React Content Manager",
        "type": "h2",
      },
    ],
    "type": Object {
      "$$typeof": Symbol(react.forward_ref),
      "attrs": undefined,
      "componentStyle": ComponentStyle {
        "componentId": "sc-bdVaJa",
        "isStatic": true,
        "rules": Array [
          "
  width: 100%;
  padding-top: ",
          "8px",
          ";
  padding-bottom: ",
          "24px",
          ";
  background-color: ",
          "#282c34",
          ";
  color: ",
          "#fff",
          ";
  text-align: center;
",
        ],
      },
      "displayName": "styled.header",
      "render": [Function],
      "styledComponentId": "sc-bdVaJa",
      "target": "header",
      "warnTooManyClasses": [Function],
      "withComponent": [Function],
    },
  },
  Symbol(enzyme.__nodes__): Array [
    Object {
      "instance": null,
      "key": undefined,
      "nodeType": "function",
      "props": Object {
        "children": Array [
          <ForwardRef
            alt="logo"
            src="logo.svg"
          />,
          <h2>
            React Content Manager
          </h2>,
        ],
      },
      "ref": null,
      "rendered": Array [
        Object {
          "instance": null,
          "key": undefined,
          "nodeType": "function",
          "props": Object {
            "alt": "logo",
            "src": "logo.svg",
          },
          "ref": null,
          "rendered": null,
          "type": Object {
            "$$typeof": Symbol(react.forward_ref),
            "attrs": undefined,
            "componentStyle": ComponentStyle {
              "componentId": "sc-bwzfXH",
              "isStatic": true,
              "rules": Array [
                "
  width: 100px;
  height: 100px;
  animation: ",
                Keyframes {
                  "id": "sc-keyframes-iECmZH",
                  "inject": [Function],
                  "name": "iECmZH",
                  "rules": Array [
                    "@-webkit-keyframes iECmZH{0%{-webkit-transform:rotate(0deg);-ms-transform:rotate(0deg);transform:rotate(0deg);}100%{-webkit-transform:rotate(360deg);-ms-transform:rotate(360deg);transform:rotate(360deg);}}",
                    "@keyframes iECmZH{0%{-webkit-transform:rotate(0deg);-ms-transform:rotate(0deg);transform:rotate(0deg);}100%{-webkit-transform:rotate(360deg);-ms-transform:rotate(360deg);transform:rotate(360deg);}}",
                  ],
                  "toString": [Function],
                },
                " infinite 20s linear;
",
              ],
            },
            "displayName": "styled.img",
            "render": [Function],
            "styledComponentId": "sc-bwzfXH",
            "target": "img",
            "warnTooManyClasses": [Function],
            "withComponent": [Function],
          },
        },
        Object {
          "instance": null,
          "key": undefined,
          "nodeType": "host",
          "props": Object {
            "children": "React Content Manager",
          },
          "ref": null,
          "rendered": "React Content Manager",
          "type": "h2",
        },
      ],
      "type": Object {
        "$$typeof": Symbol(react.forward_ref),
        "attrs": undefined,
        "componentStyle": ComponentStyle {
          "componentId": "sc-bdVaJa",
          "isStatic": true,
          "rules": Array [
            "
  width: 100%;
  padding-top: ",
            "8px",
            ";
  padding-bottom: ",
            "24px",
            ";
  background-color: ",
            "#282c34",
            ";
  color: ",
            "#fff",
            ";
  text-align: center;
",
          ],
        },
        "displayName": "styled.header",
        "render": [Function],
        "styledComponentId": "sc-bdVaJa",
        "target": "header",
        "warnTooManyClasses": [Function],
        "withComponent": [Function],
      },
    },
  ],
  Symbol(enzyme.__options__): Object {
    "adapter": ReactSixteenAdapter {
      "options": Object {
        "enableComponentDidUpdateOnSetState": true,
        "lifecycles": Object {
          "componentDidUpdate": Object {
            "onSetState": true,
          },
          "getDerivedStateFromProps": true,
          "getSnapshotBeforeUpdate": true,
          "setState": Object {
            "skipsComponentDidUpdateOnNullish": true,
          },
        },
      },
    },
  },
}
`;
