// Jest Snapshot v1, https://goo.gl/fbAQLP

exports[`Users reducer should add error 1`] = `"error"`;

exports[`Users reducer should setup default state 1`] = `""`;
