// Jest Snapshot v1, https://goo.gl/fbAQLP

exports[`Users reducer should add users 1`] = `
Array [
  Object {
    "id": 1,
    "name": "name",
  },
]
`;

exports[`Users reducer should setup default state 1`] = `Array []`;
